[INFO] Scanning for projects...
[INFO] 
[INFO] -----------------------< com.example:ai-service >-----------------------
[INFO] Building ai-service 0.0.1-SNAPSHOT
[INFO]   from pom.xml
[INFO] --------------------------------[ jar ]---------------------------------
[INFO] 
[INFO] >>> spring-boot:3.1.5:run (default-cli) > test-compile @ ai-service >>>
[INFO] 
[INFO] --- resources:3.3.1:resources (default-resources) @ ai-service ---
[INFO] Copying 1 resource from src\main\resources to target\classes
[INFO] Copying 0 resource from src\main\resources to target\classes
[INFO] 
[INFO] --- compiler:3.11.0:compile (default-compile) @ ai-service ---
[INFO] Changes detected - recompiling the module! :source
[INFO] Compiling 36 source files with javac [debug release 17] to target\classes
[INFO] Annotation processing is enabled because one or more processors were found
  on the class path. A future release of javac may disable annotation processing
  unless at least one processor is specified by name (-processor), or a search
  path is specified (--processor-path, --processor-module-path), or annotation
  processing is enabled explicitly (-proc:only, -proc:full).
  Use -Xlint:-options to suppress this message.
  Use -proc:none to disable annotation processing.
[INFO] 
[INFO] --- resources:3.3.1:testResources (default-testResources) @ ai-service ---
[INFO] skip non existing resourceDirectory E:\Coding101\competition\Javafest\Postfolio\ai-service\src\test\resources
[INFO] 
[INFO] --- compiler:3.11.0:testCompile (default-testCompile) @ ai-service ---
[INFO] Changes detected - recompiling the module! :dependency
[INFO] Compiling 1 source file with javac [debug release 17] to target\test-classes
[INFO] Annotation processing is enabled because one or more processors were found
  on the class path. A future release of javac may disable annotation processing
  unless at least one processor is specified by name (-processor), or a search
  path is specified (--processor-path, --processor-module-path), or annotation
  processing is enabled explicitly (-proc:only, -proc:full).
  Use -Xlint:-options to suppress this message.
  Use -proc:none to disable annotation processing.
[INFO] 
[INFO] <<< spring-boot:3.1.5:run (default-cli) < test-compile @ ai-service <<<
[INFO] 
[INFO] 
[INFO] --- spring-boot:3.1.5:run (default-cli) @ ai-service ---
[INFO] Attaching agents: []

  .   ____          _            __ _ _
 /\\ / ___'_ __ _ _(_)_ __  __ _ \ \ \ \
( ( )\___ | '_ | '_| | '_ \/ _` | \ \ \ \
 \\/  ___)| |_)| | | | | || (_| |  ) ) ) )
  '  |____| .__|_| |_|_| |_\__, | / / / /
 =========|_|==============|___/=/_/_/_/
 :: Spring Boot ::                (v3.1.5)

2025-09-20T02:33:14.582+06:00  INFO 16376 --- [           main] c.e.aiservice.AiServiceApplication       : Starting AiServiceApplication using Java 21.0.1 with PID 16376 (E:\Coding101\competition\Javafest\Postfolio\ai-service\target\classes started by LENOVO in E:\Coding101\competition\Javafest\Postfolio\ai-service)
2025-09-20T02:33:14.584+06:00 DEBUG 16376 --- [           main] c.e.aiservice.AiServiceApplication       : Running with Spring Boot v3.1.5, Spring v6.0.13
2025-09-20T02:33:14.584+06:00  INFO 16376 --- [           main] c.e.aiservice.AiServiceApplication       : No active profile set, falling back to 1 default profile: "default"
2025-09-20T02:33:15.871+06:00  INFO 16376 --- [           main] .s.d.r.c.RepositoryConfigurationDelegate : Multiple Spring Data modules found, entering strict repository configuration mode
2025-09-20T02:33:15.873+06:00  INFO 16376 --- [           main] .s.d.r.c.RepositoryConfigurationDelegate : Bootstrapping Spring Data JPA repositories in DEFAULT mode.
2025-09-20T02:33:15.896+06:00  INFO 16376 --- [           main] .s.d.r.c.RepositoryConfigurationDelegate : Finished Spring Data repository scanning in 16 ms. Found 0 JPA repository interfaces.
2025-09-20T02:33:15.907+06:00  INFO 16376 --- [           main] .s.d.r.c.RepositoryConfigurationDelegate : Multiple Spring Data modules found, entering strict repository configuration mode
2025-09-20T02:33:15.908+06:00  INFO 16376 --- [           main] .s.d.r.c.RepositoryConfigurationDelegate : Bootstrapping Spring Data Redis repositories in DEFAULT mode.
2025-09-20T02:33:15.918+06:00  INFO 16376 --- [           main] .s.d.r.c.RepositoryConfigurationDelegate : Finished Spring Data repository scanning in 3 ms. Found 0 Redis repository interfaces.
2025-09-20T02:33:16.174+06:00  INFO 16376 --- [           main] o.s.cloud.context.scope.GenericScope     : BeanFactory id=bfbb499c-bc7a-3196-804c-d8658c139f51
2025-09-20T02:33:16.391+06:00  INFO 16376 --- [           main] trationDelegate$BeanPostProcessorChecker : Bean 'org.springframework.cloud.client.loadbalancer.reactive.LoadBalancerBeanPostProcessorAutoConfiguration' of type [org.springframework.cloud.client.loadbalancer.reactive.LoadBalancerBeanPostProcessorAutoConfiguration] is not eligible for getting processed by all BeanPostProcessors (for example: not eligible for auto-proxying)
2025-09-20T02:33:16.393+06:00  INFO 16376 --- [           main] trationDelegate$BeanPostProcessorChecker : Bean 'org.springframework.cloud.client.loadbalancer.reactive.LoadBalancerBeanPostProcessorAutoConfiguration$ReactorDeferringLoadBalancerFilterConfig' of type [org.springframework.cloud.client.loadbalancer.reactive.LoadBalancerBeanPostProcessorAutoConfiguration$ReactorDeferringLoadBalancerFilterConfig] is not eligible for getting processed by all BeanPostProcessors (for example: not eligible for auto-proxying)
2025-09-20T02:33:16.395+06:00  INFO 16376 --- [           main] trationDelegate$BeanPostProcessorChecker : Bean 'reactorDeferringLoadBalancerExchangeFilterFunction' of type [org.springframework.cloud.client.loadbalancer.reactive.DeferringLoadBalancerExchangeFilterFunction] is not eligible for getting processed by all BeanPostProcessors (for example: not eligible for auto-proxying)
2025-09-20T02:33:16.634+06:00  INFO 16376 --- [           main] o.s.b.w.embedded.tomcat.TomcatWebServer  : Tomcat initialized with port(s): 8081 (http)
2025-09-20T02:33:16.643+06:00  INFO 16376 --- [           main] o.apache.catalina.core.StandardService   : Starting service [Tomcat]
2025-09-20T02:33:16.643+06:00  INFO 16376 --- [           main] o.apache.catalina.core.StandardEngine    : Starting Servlet engine: [Apache Tomcat/10.1.15]
2025-09-20T02:33:16.744+06:00  INFO 16376 --- [           main] o.a.c.c.C.[Tomcat].[localhost].[/]       : Initializing Spring embedded WebApplicationContext
2025-09-20T02:33:16.745+06:00  INFO 16376 --- [           main] w.s.c.ServletWebServerApplicationContext : Root WebApplicationContext: initialization completed in 2117 ms
2025-09-20T02:33:16.908+06:00 DEBUG 16376 --- [           main] c.e.a.security.JwtAuthenticationFilter   : Filter 'jwtAuthenticationFilter' configured for use
2025-09-20T02:33:17.003+06:00  INFO 16376 --- [           main] o.hibernate.jpa.internal.util.LogHelper  : HHH000204: Processing PersistenceUnitInfo [name: default]
2025-09-20T02:33:17.043+06:00  INFO 16376 --- [           main] org.hibernate.Version                    : HHH000412: Hibernate ORM core version 6.2.13.Final
2025-09-20T02:33:17.046+06:00  INFO 16376 --- [           main] org.hibernate.cfg.Environment            : HHH000406: Using bytecode reflection optimizer
2025-09-20T02:33:17.272+06:00  INFO 16376 --- [           main] o.s.o.j.p.SpringPersistenceUnitInfo      : No LoadTimeWeaver setup: ignoring JPA class transformer
2025-09-20T02:33:17.299+06:00  INFO 16376 --- [           main] com.zaxxer.hikari.HikariDataSource       : HikariPool-1 - Starting...
2025-09-20T02:33:17.476+06:00  INFO 16376 --- [           main] com.zaxxer.hikari.pool.HikariPool        : HikariPool-1 - Added connection org.postgresql.jdbc.PgConnection@3395c2a7
2025-09-20T02:33:17.478+06:00  INFO 16376 --- [           main] com.zaxxer.hikari.HikariDataSource       : HikariPool-1 - Start completed.
2025-09-20T02:33:17.504+06:00  WARN 16376 --- [           main] org.hibernate.orm.deprecation            : HHH90000025: PostgreSQLDialect does not need to be specified explicitly using 'hibernate.dialect' (remove the property setting and it will be selected by default)
2025-09-20T02:33:17.741+06:00  INFO 16376 --- [           main] o.h.e.t.j.p.i.JtaPlatformInitiator       : HHH000489: No JTA platform available (set 'hibernate.transaction.jta.platform' to enable JTA platform integration)
2025-09-20T02:33:17.747+06:00  INFO 16376 --- [           main] j.LocalContainerEntityManagerFactoryBean : Initialized JPA EntityManagerFactory for persistence unit 'default'
2025-09-20T02:33:18.133+06:00  WARN 16376 --- [           main] JpaBaseConfiguration$JpaWebConfiguration : spring.jpa.open-in-view is enabled by default. Therefore, database queries may be performed during view rendering. Explicitly configure spring.jpa.open-in-view to disable this warning
2025-09-20T02:33:18.159+06:00  WARN 16376 --- [           main] .s.s.UserDetailsServiceAutoConfiguration : 

Using generated security password: aae39445-b0da-4a54-900e-eb2f45013e8b

This generated password is for development use only. Your security configuration must be updated before running your application in production.

2025-09-20T02:33:19.387+06:00  INFO 16376 --- [           main] o.s.cloud.commons.util.InetUtils         : Cannot determine local hostname
2025-09-20T02:33:20.640+06:00  INFO 16376 --- [           main] o.s.cloud.commons.util.InetUtils         : Cannot determine local hostname
2025-09-20T02:33:20.687+06:00  INFO 16376 --- [           main] o.s.b.a.e.web.EndpointLinksResolver      : Exposing 3 endpoint(s) beneath base path '/actuator'
2025-09-20T02:33:20.721+06:00  INFO 16376 --- [           main] o.s.s.web.DefaultSecurityFilterChain     : Will secure any request with [org.springframework.security.web.session.DisableEncodeUrlFilter@3e8eea59, org.springframework.security.web.context.request.async.WebAsyncManagerIntegrationFilter@1fb379e4, org.springframework.security.web.context.SecurityContextHolderFilter@62536882, org.springframework.security.web.header.HeaderWriterFilter@2ac0cb64, org.springframework.security.web.authentication.logout.LogoutFilter@c6653e, com.example.aiservice.security.JwtAuthenticationFilter@5e98032e, org.springframework.security.web.savedrequest.RequestCacheAwareFilter@27f4761b, org.springframework.security.web.servletapi.SecurityContextHolderAwareRequestFilter@5afaae7e, org.springframework.security.web.authentication.AnonymousAuthenticationFilter@f9d8285, org.springframework.security.web.session.SessionManagementFilter@6f627a1a, org.springframework.security.web.access.ExceptionTranslationFilter@4193da4d, org.springframework.security.web.access.intercept.AuthorizationFilter@58df2864]
2025-09-20T02:33:22.063+06:00  INFO 16376 --- [           main] o.s.cloud.commons.util.InetUtils         : Cannot determine local hostname
2025-09-20T02:33:22.071+06:00  INFO 16376 --- [           main] DiscoveryClientOptionalArgsConfiguration : Eureka HTTP Client uses RestTemplate.
2025-09-20T02:33:22.114+06:00  WARN 16376 --- [           main] iguration$LoadBalancerCaffeineWarnLogger : Spring Cloud LoadBalancer is currently working with the default cache. While this cache implementation is useful for development and tests, it's recommended to use Caffeine cache in production.You can switch to using Caffeine cache, by adding it and org.springframework.cache.caffeine.CaffeineCacheManager to the classpath.
2025-09-20T02:33:22.182+06:00  INFO 16376 --- [           main] o.s.c.n.eureka.InstanceInfoFactory       : Setting initial instance status as: STARTING
2025-09-20T02:33:22.270+06:00  INFO 16376 --- [           main] com.netflix.discovery.DiscoveryClient    : Initializing Eureka in region us-east-1
2025-09-20T02:33:22.274+06:00  INFO 16376 --- [           main] c.n.d.s.r.aws.ConfigClusterResolver      : Resolving eureka endpoints via configuration
2025-09-20T02:33:22.292+06:00  INFO 16376 --- [           main] com.netflix.discovery.DiscoveryClient    : Disable delta property : false
2025-09-20T02:33:22.292+06:00  INFO 16376 --- [           main] com.netflix.discovery.DiscoveryClient    : Single vip registry refresh property : null
2025-09-20T02:33:22.292+06:00  INFO 16376 --- [           main] com.netflix.discovery.DiscoveryClient    : Force full registry fetch : false
2025-09-20T02:33:22.292+06:00  INFO 16376 --- [           main] com.netflix.discovery.DiscoveryClient    : Application is null : false
2025-09-20T02:33:22.292+06:00  INFO 16376 --- [           main] com.netflix.discovery.DiscoveryClient    : Registered Applications size is zero : true
2025-09-20T02:33:22.293+06:00  INFO 16376 --- [           main] com.netflix.discovery.DiscoveryClient    : Application version is -1: true
2025-09-20T02:33:22.293+06:00  INFO 16376 --- [           main] com.netflix.discovery.DiscoveryClient    : Getting all instance registry info from the eureka server
2025-09-20T02:33:22.533+06:00  INFO 16376 --- [           main] com.netflix.discovery.DiscoveryClient    : The response status is 200
2025-09-20T02:33:22.535+06:00  INFO 16376 --- [           main] com.netflix.discovery.DiscoveryClient    : Starting heartbeat executor: renew interval is: 10
2025-09-20T02:33:22.537+06:00  INFO 16376 --- [           main] c.n.discovery.InstanceInfoReplicator     : InstanceInfoReplicator onDemand update allowed rate per min is 4
2025-09-20T02:33:22.541+06:00  INFO 16376 --- [           main] com.netflix.discovery.DiscoveryClient    : Discovery Client initialized at timestamp 1758314002540 with initial instances count: 1
2025-09-20T02:33:22.543+06:00  INFO 16376 --- [           main] o.s.c.n.e.s.EurekaServiceRegistry        : Registering application AI-SERVICE with eureka with status UP
2025-09-20T02:33:22.544+06:00  INFO 16376 --- [           main] com.netflix.discovery.DiscoveryClient    : Saw local status change event StatusChangeEvent [timestamp=1758314002544, current=UP, previous=STARTING]
2025-09-20T02:33:22.545+06:00  INFO 16376 --- [nfoReplicator-0] com.netflix.discovery.DiscoveryClient    : DiscoveryClient_AI-SERVICE/localhost:ai-service:8081: registering service...
2025-09-20T02:33:22.556+06:00  INFO 16376 --- [           main] o.s.b.w.embedded.tomcat.TomcatWebServer  : Tomcat started on port(s): 8081 (http) with context path ''
2025-09-20T02:33:22.557+06:00  INFO 16376 --- [           main] .s.c.n.e.s.EurekaAutoServiceRegistration : Updating port to 8081
2025-09-20T02:33:22.579+06:00  INFO 16376 --- [nfoReplicator-0] com.netflix.discovery.DiscoveryClient    : DiscoveryClient_AI-SERVICE/localhost:ai-service:8081 - registration status: 204
2025-09-20T02:33:23.567+06:00  INFO 16376 --- [           main] o.s.cloud.commons.util.InetUtils         : Cannot determine local hostname
2025-09-20T02:33:24.577+06:00  INFO 16376 --- [           main] o.s.cloud.commons.util.InetUtils         : Cannot determine local hostname
2025-09-20T02:33:24.579+06:00  INFO 16376 --- [           main] o.s.a.r.c.CachingConnectionFactory       : Attempting to connect to: [localhost:5672]
2025-09-20T02:33:24.834+06:00  INFO 16376 --- [           main] o.s.a.r.c.CachingConnectionFactory       : Created new connection: rabbitConnectionFactory#21948bd1:0/SimpleConnection@428169d [delegate=amqp://guest@127.0.0.1:5672/, localPort=58878]
2025-09-20T02:33:25.168+06:00  INFO 16376 --- [           main] c.e.aiservice.AiServiceApplication       : Started AiServiceApplication in 11.968 seconds (process running for 12.401)
[INFO] ------------------------------------------------------------------------
[INFO] BUILD FAILURE
[INFO] ------------------------------------------------------------------------
[INFO] Total time:  02:34 min
[INFO] Finished at: 2025-09-20T02:35:37+06:00
[INFO] ------------------------------------------------------------------------
[ERROR] Failed to execute goal org.springframework.boot:spring-boot-maven-plugin:3.1.5:run (default-cli) on project ai-service: Process terminated with exit code: 143 -> [Help 1]
[ERROR] 
[ERROR] To see the full stack trace of the errors, re-run Maven with the -e switch.
[ERROR] Re-run Maven using the -X switch to enable full debug logging.
[ERROR] 
[ERROR] For more information about the errors and possible solutions, please read the following articles:
[ERROR] [Help 1] http://cwiki.apache.org/confluence/display/MAVEN/MojoExecutionException
