[INFO] Scanning for projects...
[INFO] 
[INFO] ----------------< com.example.postfolio:eureka-server >-----------------
[INFO] Building eureka-server 1.0.0
[INFO]   from pom.xml
[INFO] --------------------------------[ jar ]---------------------------------
[INFO] 
[INFO] >>> spring-boot:3.1.5:run (default-cli) > test-compile @ eureka-server >>>
[INFO] 
[INFO] --- resources:3.3.1:resources (default-resources) @ eureka-server ---
[INFO] Copying 1 resource from src\main\resources to target\classes
[INFO] Copying 0 resource from src\main\resources to target\classes
[INFO] 
[INFO] --- compiler:3.11.0:compile (default-compile) @ eureka-server ---
[INFO] Nothing to compile - all classes are up to date
[INFO] 
[INFO] --- resources:3.3.1:testResources (default-testResources) @ eureka-server ---
[INFO] skip non existing resourceDirectory E:\Coding101\competition\Javafest\Postfolio\eureka-server\src\test\resources
[INFO] 
[INFO] --- compiler:3.11.0:testCompile (default-testCompile) @ eureka-server ---
[INFO] No sources to compile
[INFO] 
[INFO] <<< spring-boot:3.1.5:run (default-cli) < test-compile @ eureka-server <<<
[INFO] 
[INFO] 
[INFO] --- spring-boot:3.1.5:run (default-cli) @ eureka-server ---
[INFO] Attaching agents: []

  .   ____          _            __ _ _
 /\\ / ___'_ __ _ _(_)_ __  __ _ \ \ \ \
( ( )\___ | '_ | '_| | '_ \/ _` | \ \ \ \
 \\/  ___)| |_)| | | | | || (_| |  ) ) ) )
  '  |____| .__|_| |_|_| |_\__, | / / / /
 =========|_|==============|___/=/_/_/_/
 :: Spring Boot ::                (v3.1.5)

2025-09-20T02:32:31.132+06:00  INFO 13828 --- [           main] c.e.p.eureka.EurekaServerApplication     : Starting EurekaServerApplication using Java 21.0.1 with PID 13828 (E:\Coding101\competition\Javafest\Postfolio\eureka-server\target\classes started by LENOVO in E:\Coding101\competition\Javafest\Postfolio\eureka-server)
2025-09-20T02:32:31.134+06:00  INFO 13828 --- [           main] c.e.p.eureka.EurekaServerApplication     : No active profile set, falling back to 1 default profile: "default"
2025-09-20T02:32:31.852+06:00  INFO 13828 --- [           main] o.s.cloud.context.scope.GenericScope     : BeanFactory id=a065ca1d-2727-378c-abf3-f1c1b4626ccf
2025-09-20T02:32:32.098+06:00  INFO 13828 --- [           main] o.s.b.w.embedded.tomcat.TomcatWebServer  : Tomcat initialized with port(s): 8761 (http)
2025-09-20T02:32:32.105+06:00  INFO 13828 --- [           main] o.apache.catalina.core.StandardService   : Starting service [Tomcat]
2025-09-20T02:32:32.105+06:00  INFO 13828 --- [           main] o.apache.catalina.core.StandardEngine    : Starting Servlet engine: [Apache Tomcat/10.1.15]
2025-09-20T02:32:32.192+06:00  INFO 13828 --- [           main] o.a.c.c.C.[Tomcat].[localhost].[/]       : Initializing Spring embedded WebApplicationContext
2025-09-20T02:32:32.192+06:00  INFO 13828 --- [           main] w.s.c.ServletWebServerApplicationContext : Root WebApplicationContext: initialization completed in 1018 ms
2025-09-20T02:32:34.331+06:00  INFO 13828 --- [           main] o.s.cloud.commons.util.InetUtils         : Cannot determine local hostname
2025-09-20T02:32:35.513+06:00  INFO 13828 --- [           main] o.s.cloud.commons.util.InetUtils         : Cannot determine local hostname
2025-09-20T02:32:35.546+06:00  WARN 13828 --- [           main] iguration$LoadBalancerCaffeineWarnLogger : Spring Cloud LoadBalancer is currently working with the default cache. While this cache implementation is useful for development and tests, it's recommended to use Caffeine cache in production.You can switch to using Caffeine cache, by adding it and org.springframework.cache.caffeine.CaffeineCacheManager to the classpath.
2025-09-20T02:32:35.562+06:00  INFO 13828 --- [           main] o.s.c.n.eureka.InstanceInfoFactory       : Setting initial instance status as: STARTING
2025-09-20T02:32:35.681+06:00  INFO 13828 --- [           main] o.s.b.a.e.web.EndpointLinksResolver      : Exposing 1 endpoint(s) beneath base path '/actuator'
2025-09-20T02:32:35.710+06:00  INFO 13828 --- [           main] o.s.c.n.e.s.EurekaServiceRegistry        : Registering application EUREKA-SERVER with eureka with status UP
2025-09-20T02:32:35.718+06:00  INFO 13828 --- [       Thread-9] o.s.c.n.e.server.EurekaServerBootstrap   : isAws returned false
2025-09-20T02:32:35.718+06:00  INFO 13828 --- [       Thread-9] o.s.c.n.e.server.EurekaServerBootstrap   : Initialized server context
2025-09-20T02:32:35.726+06:00  INFO 13828 --- [       Thread-9] e.s.EurekaServerInitializerConfiguration : Started Eureka Server
2025-09-20T02:32:35.732+06:00  INFO 13828 --- [           main] o.s.b.w.embedded.tomcat.TomcatWebServer  : Tomcat started on port(s): 8761 (http) with context path ''
2025-09-20T02:32:35.732+06:00  INFO 13828 --- [           main] .s.c.n.e.s.EurekaAutoServiceRegistration : Updating port to 8761
2025-09-20T02:32:36.742+06:00  INFO 13828 --- [           main] o.s.cloud.commons.util.InetUtils         : Cannot determine local hostname
2025-09-20T02:32:36.752+06:00  INFO 13828 --- [           main] c.e.p.eureka.EurekaServerApplication     : Started EurekaServerApplication in 7.004 seconds (process running for 7.358)
2025-09-20T02:32:51.323+06:00  INFO 13828 --- [nio-8761-exec-1] o.a.c.c.C.[Tomcat].[localhost].[/]       : Initializing Spring DispatcherServlet 'dispatcherServlet'
2025-09-20T02:32:51.323+06:00  INFO 13828 --- [nio-8761-exec-1] o.s.web.servlet.DispatcherServlet        : Initializing Servlet 'dispatcherServlet'
2025-09-20T02:32:51.324+06:00  INFO 13828 --- [nio-8761-exec-1] o.s.web.servlet.DispatcherServlet        : Completed initialization in 1 ms
[INFO] ------------------------------------------------------------------------
[INFO] BUILD FAILURE
[INFO] ------------------------------------------------------------------------
[INFO] Total time:  03:17 min
[INFO] Finished at: 2025-09-20T02:35:44+06:00
[INFO] ------------------------------------------------------------------------
[ERROR] Failed to execute goal org.springframework.boot:spring-boot-maven-plugin:3.1.5:run (default-cli) on project eureka-server: Process terminated with exit code: 143 -> [Help 1]
[ERROR] 
[ERROR] To see the full stack trace of the errors, re-run Maven with the -e switch.
[ERROR] Re-run Maven using the -X switch to enable full debug logging.
[ERROR] 
[ERROR] For more information about the errors and possible solutions, please read the following articles:
[ERROR] [Help 1] http://cwiki.apache.org/confluence/display/MAVEN/MojoExecutionException
