[INFO] Scanning for projects...
[INFO] 
[INFO] -----------------------< com.example:Postfolio >------------------------
[INFO] Building Postfolio 0.0.1-SNAPSHOT
[INFO]   from pom.xml
[INFO] --------------------------------[ jar ]---------------------------------
[INFO] 
[INFO] >>> spring-boot:3.1.5:run (default-cli) > test-compile @ Postfolio >>>
[INFO] 
[INFO] --- resources:3.3.1:resources (default-resources) @ Postfolio ---
[INFO] Copying 1 resource from src\main\resources to target\classes
[INFO] Copying 6 resources from src\main\resources to target\classes
[INFO] 
[INFO] --- compiler:3.11.0:compile (default-compile) @ Postfolio ---
[INFO] Changes detected - recompiling the module! :source
[INFO] Compiling 255 source files with javac [debug release 21] to target\classes
[WARNING] /E:/Coding101/competition/Javafest/Postfolio/server/src/main/java/com/example/postfolio/post/entity/Post.java:[35,26] @Builder will ignore the initializing expression entirely. If you want the initializing expression to serve as default, add @Builder.Default. If it is not supposed to be settable during building, make the field final.
[WARNING] /E:/Coding101/competition/Javafest/Postfolio/server/src/main/java/com/example/postfolio/post/entity/Post.java:[51,21] @Builder will ignore the initializing expression entirely. If you want the initializing expression to serve as default, add @Builder.Default. If it is not supposed to be settable during building, make the field final.
[WARNING] /E:/Coding101/competition/Javafest/Postfolio/server/src/main/java/com/example/postfolio/profile/entity/ProfessionalExperience.java:[38,21] @Builder will ignore the initializing expression entirely. If you want the initializing expression to serve as default, add @Builder.Default. If it is not supposed to be settable during building, make the field final.
[WARNING] /E:/Coding101/competition/Javafest/Postfolio/server/src/main/java/com/example/postfolio/profile/entity/Profile.java:[37,26] @Builder will ignore the initializing expression entirely. If you want the initializing expression to serve as default, add @Builder.Default. If it is not supposed to be settable during building, make the field final.
[WARNING] /E:/Coding101/competition/Javafest/Postfolio/server/src/main/java/com/example/postfolio/profile/entity/Profile.java:[41,30] @Builder will ignore the initializing expression entirely. If you want the initializing expression to serve as default, add @Builder.Default. If it is not supposed to be settable during building, make the field final.
[WARNING] /E:/Coding101/competition/Javafest/Postfolio/server/src/main/java/com/example/postfolio/profile/entity/Profile.java:[45,24] @Builder will ignore the initializing expression entirely. If you want the initializing expression to serve as default, add @Builder.Default. If it is not supposed to be settable during building, make the field final.
[WARNING] /E:/Coding101/competition/Javafest/Postfolio/server/src/main/java/com/example/postfolio/config/RedisConfig.java:[36,19] setObjectMapper(com.fasterxml.jackson.databind.ObjectMapper) in org.springframework.data.redis.serializer.Jackson2JsonRedisSerializer has been deprecated and marked for removal
[WARNING] /E:/Coding101/competition/Javafest/Postfolio/server/src/main/java/com/example/postfolio/config/RedisConfig.java:[70,19] setObjectMapper(com.fasterxml.jackson.databind.ObjectMapper) in org.springframework.data.redis.serializer.Jackson2JsonRedisSerializer has been deprecated and marked for removal
[INFO] 
[INFO] --- resources:3.3.1:testResources (default-testResources) @ Postfolio ---
[INFO] skip non existing resourceDirectory E:\Coding101\competition\Javafest\Postfolio\server\src\test\resources
[INFO] 
[INFO] --- compiler:3.11.0:testCompile (default-testCompile) @ Postfolio ---
[INFO] Changes detected - recompiling the module! :dependency
[INFO] Compiling 3 source files with javac [debug release 21] to target\test-classes
[INFO] 
[INFO] <<< spring-boot:3.1.5:run (default-cli) < test-compile @ Postfolio <<<
[INFO] 
[INFO] 
[INFO] --- spring-boot:3.1.5:run (default-cli) @ Postfolio ---
[INFO] Attaching agents: []

  .   ____          _            __ _ _
 /\\ / ___'_ __ _ _(_)_ __  __ _ \ \ \ \
( ( )\___ | '_ | '_| | '_ \/ _` | \ \ \ \
 \\/  ___)| |_)| | | | | || (_| |  ) ) ) )
  '  |____| .__|_| |_|_| |_\__, | / / / /
 =========|_|==============|___/=/_/_/_/
 :: Spring Boot ::                (v3.1.5)

2025-09-20T02:33:06.972+06:00  INFO 22920 --- [           main] c.e.postfolio.PostfolioApplication       : Starting PostfolioApplication using Java 21.0.1 with PID 22920 (E:\Coding101\competition\Javafest\Postfolio\server\target\classes started by LENOVO in E:\Coding101\competition\Javafest\Postfolio\server)
2025-09-20T02:33:06.974+06:00  INFO 22920 --- [           main] c.e.postfolio.PostfolioApplication       : No active profile set, falling back to 1 default profile: "default"
2025-09-20T02:33:08.101+06:00  INFO 22920 --- [           main] .s.d.r.c.RepositoryConfigurationDelegate : Multiple Spring Data modules found, entering strict repository configuration mode
2025-09-20T02:33:08.101+06:00  INFO 22920 --- [           main] .s.d.r.c.RepositoryConfigurationDelegate : Bootstrapping Spring Data JPA repositories in DEFAULT mode.
2025-09-20T02:33:08.387+06:00  INFO 22920 --- [           main] .s.d.r.c.RepositoryConfigurationDelegate : Finished Spring Data repository scanning in 277 ms. Found 25 JPA repository interfaces.
2025-09-20T02:33:08.414+06:00  INFO 22920 --- [           main] .s.d.r.c.RepositoryConfigurationDelegate : Multiple Spring Data modules found, entering strict repository configuration mode
2025-09-20T02:33:08.417+06:00  INFO 22920 --- [           main] .s.d.r.c.RepositoryConfigurationDelegate : Bootstrapping Spring Data Redis repositories in DEFAULT mode.
2025-09-20T02:33:08.449+06:00  INFO 22920 --- [           main] .RepositoryConfigurationExtensionSupport : Spring Data Redis - Could not safely identify store assignment for repository candidate interface com.example.postfolio.connection.repository.ConnectionRepository; If you want this repository to be a Redis repository, consider annotating your entities with one of these annotations: org.springframework.data.redis.core.RedisHash (preferred), or consider extending one of the following types with your repository: org.springframework.data.keyvalue.repository.KeyValueRepository
2025-09-20T02:33:08.450+06:00  INFO 22920 --- [           main] .RepositoryConfigurationExtensionSupport : Spring Data Redis - Could not safely identify store assignment for repository candidate interface com.example.postfolio.cradits.repository.CreditRepository; If you want this repository to be a Redis repository, consider annotating your entities with one of these annotations: org.springframework.data.redis.core.RedisHash (preferred), or consider extending one of the following types with your repository: org.springframework.data.keyvalue.repository.KeyValueRepository
2025-09-20T02:33:08.450+06:00  INFO 22920 --- [           main] .RepositoryConfigurationExtensionSupport : Spring Data Redis - Could not safely identify store assignment for repository candidate interface com.example.postfolio.cvInApp.repository.CvEntryRepository; If you want this repository to be a Redis repository, consider annotating your entities with one of these annotations: org.springframework.data.redis.core.RedisHash (preferred), or consider extending one of the following types with your repository: org.springframework.data.keyvalue.repository.KeyValueRepository
2025-09-20T02:33:08.450+06:00  INFO 22920 --- [           main] .RepositoryConfigurationExtensionSupport : Spring Data Redis - Could not safely identify store assignment for repository candidate interface com.example.postfolio.enrollments.repository.EnrollmentRepository; If you want this repository to be a Redis repository, consider annotating your entities with one of these annotations: org.springframework.data.redis.core.RedisHash (preferred), or consider extending one of the following types with your repository: org.springframework.data.keyvalue.repository.KeyValueRepository
2025-09-20T02:33:08.451+06:00  INFO 22920 --- [           main] .RepositoryConfigurationExtensionSupport : Spring Data Redis - Could not safely identify store assignment for repository candidate interface com.example.postfolio.follow.repository.FollowRepository; If you want this repository to be a Redis repository, consider annotating your entities with one of these annotations: org.springframework.data.redis.core.RedisHash (preferred), or consider extending one of the following types with your repository: org.springframework.data.keyvalue.repository.KeyValueRepository
2025-09-20T02:33:08.453+06:00  INFO 22920 --- [           main] .RepositoryConfigurationExtensionSupport : Spring Data Redis - Could not safely identify store assignment for repository candidate interface com.example.postfolio.interview.repository.InterviewProgressRepository; If you want this repository to be a Redis repository, consider annotating your entities with one of these annotations: org.springframework.data.redis.core.RedisHash (preferred), or consider extending one of the following types with your repository: org.springframework.data.keyvalue.repository.KeyValueRepository
2025-09-20T02:33:08.453+06:00  INFO 22920 --- [           main] .RepositoryConfigurationExtensionSupport : Spring Data Redis - Could not safely identify store assignment for repository candidate interface com.example.postfolio.interview.repository.InterviewRepository; If you want this repository to be a Redis repository, consider annotating your entities with one of these annotations: org.springframework.data.redis.core.RedisHash (preferred), or consider extending one of the following types with your repository: org.springframework.data.keyvalue.repository.KeyValueRepository
2025-09-20T02:33:08.454+06:00  INFO 22920 --- [           main] .RepositoryConfigurationExtensionSupport : Spring Data Redis - Could not safely identify store assignment for repository candidate interface com.example.postfolio.interview.repository.MockInterviewRepository; If you want this repository to be a Redis repository, consider annotating your entities with one of these annotations: org.springframework.data.redis.core.RedisHash (preferred), or consider extending one of the following types with your repository: org.springframework.data.keyvalue.repository.KeyValueRepository
2025-09-20T02:33:08.454+06:00  INFO 22920 --- [           main] .RepositoryConfigurationExtensionSupport : Spring Data Redis - Could not safely identify store assignment for repository candidate interface com.example.postfolio.jobcandidates.repository.JobCandidateRepository; If you want this repository to be a Redis repository, consider annotating your entities with one of these annotations: org.springframework.data.redis.core.RedisHash (preferred), or consider extending one of the following types with your repository: org.springframework.data.keyvalue.repository.KeyValueRepository
2025-09-20T02:33:08.454+06:00  INFO 22920 --- [           main] .RepositoryConfigurationExtensionSupport : Spring Data Redis - Could not safely identify store assignment for repository candidate interface com.example.postfolio.job.repository.JobRepository; If you want this repository to be a Redis repository, consider annotating your entities with one of these annotations: org.springframework.data.redis.core.RedisHash (preferred), or consider extending one of the following types with your repository: org.springframework.data.keyvalue.repository.KeyValueRepository
2025-09-20T02:33:08.455+06:00  INFO 22920 --- [           main] .RepositoryConfigurationExtensionSupport : Spring Data Redis - Could not safely identify store assignment for repository candidate interface com.example.postfolio.mcqGeneration.repository.MCQSetRepository; If you want this repository to be a Redis repository, consider annotating your entities with one of these annotations: org.springframework.data.redis.core.RedisHash (preferred), or consider extending one of the following types with your repository: org.springframework.data.keyvalue.repository.KeyValueRepository
2025-09-20T02:33:08.455+06:00  INFO 22920 --- [           main] .RepositoryConfigurationExtensionSupport : Spring Data Redis - Could not safely identify store assignment for repository candidate interface com.example.postfolio.mentorship.repository.MentorshipRepository; If you want this repository to be a Redis repository, consider annotating your entities with one of these annotations: org.springframework.data.redis.core.RedisHash (preferred), or consider extending one of the following types with your repository: org.springframework.data.keyvalue.repository.KeyValueRepository
2025-09-20T02:33:08.456+06:00  INFO 22920 --- [           main] .RepositoryConfigurationExtensionSupport : Spring Data Redis - Could not safely identify store assignment for repository candidate interface com.example.postfolio.message.repository.ConversationRepository; If you want this repository to be a Redis repository, consider annotating your entities with one of these annotations: org.springframework.data.redis.core.RedisHash (preferred), or consider extending one of the following types with your repository: org.springframework.data.keyvalue.repository.KeyValueRepository
2025-09-20T02:33:08.456+06:00  INFO 22920 --- [           main] .RepositoryConfigurationExtensionSupport : Spring Data Redis - Could not safely identify store assignment for repository candidate interface com.example.postfolio.message.repository.MessageRepository; If you want this repository to be a Redis repository, consider annotating your entities with one of these annotations: org.springframework.data.redis.core.RedisHash (preferred), or consider extending one of the following types with your repository: org.springframework.data.keyvalue.repository.KeyValueRepository
2025-09-20T02:33:08.456+06:00  INFO 22920 --- [           main] .RepositoryConfigurationExtensionSupport : Spring Data Redis - Could not safely identify store assignment for repository candidate interface com.example.postfolio.notification.repository.NotificationRepository; If you want this repository to be a Redis repository, consider annotating your entities with one of these annotations: org.springframework.data.redis.core.RedisHash (preferred), or consider extending one of the following types with your repository: org.springframework.data.keyvalue.repository.KeyValueRepository
2025-09-20T02:33:08.457+06:00  INFO 22920 --- [           main] .RepositoryConfigurationExtensionSupport : Spring Data Redis - Could not safely identify store assignment for repository candidate interface com.example.postfolio.post.repository.PostRepository; If you want this repository to be a Redis repository, consider annotating your entities with one of these annotations: org.springframework.data.redis.core.RedisHash (preferred), or consider extending one of the following types with your repository: org.springframework.data.keyvalue.repository.KeyValueRepository
2025-09-20T02:33:08.457+06:00  INFO 22920 --- [           main] .RepositoryConfigurationExtensionSupport : Spring Data Redis - Could not safely identify store assignment for repository candidate interface com.example.postfolio.post.repository.ReactionRepository; If you want this repository to be a Redis repository, consider annotating your entities with one of these annotations: org.springframework.data.redis.core.RedisHash (preferred), or consider extending one of the following types with your repository: org.springframework.data.keyvalue.repository.KeyValueRepository
2025-09-20T02:33:08.457+06:00  INFO 22920 --- [           main] .RepositoryConfigurationExtensionSupport : Spring Data Redis - Could not safely identify store assignment for repository candidate interface com.example.postfolio.profile.repository.ProfileRepository; If you want this repository to be a Redis repository, consider annotating your entities with one of these annotations: org.springframework.data.redis.core.RedisHash (preferred), or consider extending one of the following types with your repository: org.springframework.data.keyvalue.repository.KeyValueRepository
2025-09-20T02:33:08.457+06:00  INFO 22920 --- [           main] .RepositoryConfigurationExtensionSupport : Spring Data Redis - Could not safely identify store assignment for repository candidate interface com.example.postfolio.profile.repository.SchoolRepository; If you want this repository to be a Redis repository, consider annotating your entities with one of these annotations: org.springframework.data.redis.core.RedisHash (preferred), or consider extending one of the following types with your repository: org.springframework.data.keyvalue.repository.KeyValueRepository
2025-09-20T02:33:08.458+06:00  INFO 22920 --- [           main] .RepositoryConfigurationExtensionSupport : Spring Data Redis - Could not safely identify store assignment for repository candidate interface com.example.postfolio.profile.repository.UniversityRepository; If you want this repository to be a Redis repository, consider annotating your entities with one of these annotations: org.springframework.data.redis.core.RedisHash (preferred), or consider extending one of the following types with your repository: org.springframework.data.keyvalue.repository.KeyValueRepository
2025-09-20T02:33:08.458+06:00  INFO 22920 --- [           main] .RepositoryConfigurationExtensionSupport : Spring Data Redis - Could not safely identify store assignment for repository candidate interface com.example.postfolio.profile.repository.WorkRepository; If you want this repository to be a Redis repository, consider annotating your entities with one of these annotations: org.springframework.data.redis.core.RedisHash (preferred), or consider extending one of the following types with your repository: org.springframework.data.keyvalue.repository.KeyValueRepository
2025-09-20T02:33:08.458+06:00  INFO 22920 --- [           main] .RepositoryConfigurationExtensionSupport : Spring Data Redis - Could not safely identify store assignment for repository candidate interface com.example.postfolio.roadmap.repository.RoadmapItemRepository; If you want this repository to be a Redis repository, consider annotating your entities with one of these annotations: org.springframework.data.redis.core.RedisHash (preferred), or consider extending one of the following types with your repository: org.springframework.data.keyvalue.repository.KeyValueRepository
2025-09-20T02:33:08.458+06:00  INFO 22920 --- [           main] .RepositoryConfigurationExtensionSupport : Spring Data Redis - Could not safely identify store assignment for repository candidate interface com.example.postfolio.roadmap.repository.RoadmapRepository; If you want this repository to be a Redis repository, consider annotating your entities with one of these annotations: org.springframework.data.redis.core.RedisHash (preferred), or consider extending one of the following types with your repository: org.springframework.data.keyvalue.repository.KeyValueRepository
2025-09-20T02:33:08.459+06:00  INFO 22920 --- [           main] .RepositoryConfigurationExtensionSupport : Spring Data Redis - Could not safely identify store assignment for repository candidate interface com.example.postfolio.todo.repository.TodoRepository; If you want this repository to be a Redis repository, consider annotating your entities with one of these annotations: org.springframework.data.redis.core.RedisHash (preferred), or consider extending one of the following types with your repository: org.springframework.data.keyvalue.repository.KeyValueRepository
2025-09-20T02:33:08.459+06:00  INFO 22920 --- [           main] .RepositoryConfigurationExtensionSupport : Spring Data Redis - Could not safely identify store assignment for repository candidate interface com.example.postfolio.user.repository.UserRepository; If you want this repository to be a Redis repository, consider annotating your entities with one of these annotations: org.springframework.data.redis.core.RedisHash (preferred), or consider extending one of the following types with your repository: org.springframework.data.keyvalue.repository.KeyValueRepository
2025-09-20T02:33:08.460+06:00  INFO 22920 --- [           main] .s.d.r.c.RepositoryConfigurationDelegate : Finished Spring Data repository scanning in 33 ms. Found 0 Redis repository interfaces.
2025-09-20T02:33:09.477+06:00  INFO 22920 --- [           main] o.s.cloud.context.scope.GenericScope     : BeanFactory id=82db72dd-d5da-3694-9048-d23ccb1ea6b3
2025-09-20T02:33:10.145+06:00  INFO 22920 --- [           main] trationDelegate$BeanPostProcessorChecker : Bean 'org.springframework.cloud.client.loadbalancer.reactive.LoadBalancerBeanPostProcessorAutoConfiguration' of type [org.springframework.cloud.client.loadbalancer.reactive.LoadBalancerBeanPostProcessorAutoConfiguration] is not eligible for getting processed by all BeanPostProcessors (for example: not eligible for auto-proxying)
2025-09-20T02:33:10.150+06:00  INFO 22920 --- [           main] trationDelegate$BeanPostProcessorChecker : Bean 'org.springframework.cloud.client.loadbalancer.reactive.LoadBalancerBeanPostProcessorAutoConfiguration$ReactorDeferringLoadBalancerFilterConfig' of type [org.springframework.cloud.client.loadbalancer.reactive.LoadBalancerBeanPostProcessorAutoConfiguration$ReactorDeferringLoadBalancerFilterConfig] is not eligible for getting processed by all BeanPostProcessors (for example: not eligible for auto-proxying)
2025-09-20T02:33:10.153+06:00  INFO 22920 --- [           main] trationDelegate$BeanPostProcessorChecker : Bean 'reactorDeferringLoadBalancerExchangeFilterFunction' of type [org.springframework.cloud.client.loadbalancer.reactive.DeferringLoadBalancerExchangeFilterFunction] is not eligible for getting processed by all BeanPostProcessors (for example: not eligible for auto-proxying)
2025-09-20T02:33:10.547+06:00  INFO 22920 --- [           main] o.s.b.w.embedded.tomcat.TomcatWebServer  : Tomcat initialized with port(s): 8082 (http)
2025-09-20T02:33:10.557+06:00  INFO 22920 --- [           main] o.apache.catalina.core.StandardService   : Starting service [Tomcat]
2025-09-20T02:33:10.557+06:00  INFO 22920 --- [           main] o.apache.catalina.core.StandardEngine    : Starting Servlet engine: [Apache Tomcat/10.1.15]
2025-09-20T02:33:10.716+06:00  INFO 22920 --- [           main] o.a.c.c.C.[Tomcat].[localhost].[/]       : Initializing Spring embedded WebApplicationContext
2025-09-20T02:33:10.718+06:00  INFO 22920 --- [           main] w.s.c.ServletWebServerApplicationContext : Root WebApplicationContext: initialization completed in 3679 ms
2025-09-20T02:33:10.938+06:00  INFO 22920 --- [           main] o.hibernate.jpa.internal.util.LogHelper  : HHH000204: Processing PersistenceUnitInfo [name: default]
2025-09-20T02:33:10.982+06:00  INFO 22920 --- [           main] org.hibernate.Version                    : HHH000412: Hibernate ORM core version 6.2.13.Final
2025-09-20T02:33:10.985+06:00  INFO 22920 --- [           main] org.hibernate.cfg.Environment            : HHH000406: Using bytecode reflection optimizer
2025-09-20T02:33:11.223+06:00  INFO 22920 --- [           main] o.s.o.j.p.SpringPersistenceUnitInfo      : No LoadTimeWeaver setup: ignoring JPA class transformer
2025-09-20T02:33:11.250+06:00  INFO 22920 --- [           main] com.zaxxer.hikari.HikariDataSource       : HikariPool-1 - Starting...
2025-09-20T02:33:11.434+06:00  INFO 22920 --- [           main] com.zaxxer.hikari.pool.HikariPool        : HikariPool-1 - Added connection org.postgresql.jdbc.PgConnection@54e06788
2025-09-20T02:33:11.436+06:00  INFO 22920 --- [           main] com.zaxxer.hikari.HikariDataSource       : HikariPool-1 - Start completed.
2025-09-20T02:33:11.465+06:00  WARN 22920 --- [           main] org.hibernate.orm.deprecation            : HHH90000025: PostgreSQLDialect does not need to be specified explicitly using 'hibernate.dialect' (remove the property setting and it will be selected by default)
2025-09-20T02:33:12.846+06:00  INFO 22920 --- [           main] o.h.e.t.j.p.i.JtaPlatformInitiator       : HHH000489: No JTA platform available (set 'hibernate.transaction.jta.platform' to enable JTA platform integration)
2025-09-20T02:33:13.239+06:00  INFO 22920 --- [           main] j.LocalContainerEntityManagerFactoryBean : Initialized JPA EntityManagerFactory for persistence unit 'default'
2025-09-20T02:33:13.542+06:00  INFO 22920 --- [           main] o.s.d.j.r.query.QueryEnhancerFactory     : Hibernate is in classpath; If applicable, HQL parser will be used.
2025-09-20T02:33:17.132+06:00  INFO 22920 --- [           main] c.e.p.v.socket.VideoCallSocketServer     : Starting Socket.IO signaling server
2025-09-20T02:33:17.135+06:00  INFO 22920 --- [           main] c.c.socketio.SocketIOServer              : Session store / pubsub factory used: MemoryStoreFactory (local session store only)
2025-09-20T02:33:17.370+06:00  INFO 22920 --- [ntLoopGroup-4-1] c.c.socketio.SocketIOServer              : SocketIO server started at port: 9092
2025-09-20T02:33:17.802+06:00  WARN 22920 --- [           main] JpaBaseConfiguration$JpaWebConfiguration : spring.jpa.open-in-view is enabled by default. Therefore, database queries may be performed during view rendering. Explicitly configure spring.jpa.open-in-view to disable this warning
2025-09-20T02:33:18.193+06:00  INFO 22920 --- [           main] o.s.s.web.DefaultSecurityFilterChain     : Will secure any request with [org.springframework.security.web.session.DisableEncodeUrlFilter@6fb4ea51, org.springframework.security.web.context.request.async.WebAsyncManagerIntegrationFilter@54fdead9, org.springframework.security.web.context.SecurityContextHolderFilter@290162ac, org.springframework.security.web.header.HeaderWriterFilter@58a7e9eb, org.springframework.security.web.authentication.logout.LogoutFilter@7d527572, com.example.postfolio.config.JwtAuthFilter@46808854, org.springframework.security.web.savedrequest.RequestCacheAwareFilter@649ca10, org.springframework.security.web.servletapi.SecurityContextHolderAwareRequestFilter@2062db84, org.springframework.security.web.authentication.AnonymousAuthenticationFilter@ab80b31, org.springframework.security.web.session.SessionManagementFilter@4583046a, org.springframework.security.web.access.ExceptionTranslationFilter@46602fc2, org.springframework.security.web.access.intercept.AuthorizationFilter@68b11d5c]
2025-09-20T02:33:19.864+06:00  INFO 22920 --- [           main] o.s.cloud.commons.util.InetUtils         : Cannot determine local hostname
2025-09-20T02:33:19.912+06:00  INFO 22920 --- [           main] DiscoveryClientOptionalArgsConfiguration : Eureka HTTP Client uses RestTemplate.
2025-09-20T02:33:20.950+06:00  INFO 22920 --- [           main] o.s.cloud.commons.util.InetUtils         : Cannot determine local hostname
2025-09-20T02:33:21.985+06:00  INFO 22920 --- [           main] o.s.cloud.commons.util.InetUtils         : Cannot determine local hostname
2025-09-20T02:33:22.078+06:00  WARN 22920 --- [           main] iguration$LoadBalancerCaffeineWarnLogger : Spring Cloud LoadBalancer is currently working with the default cache. While this cache implementation is useful for development and tests, it's recommended to use Caffeine cache in production.You can switch to using Caffeine cache, by adding it and org.springframework.cache.caffeine.CaffeineCacheManager to the classpath.
2025-09-20T02:33:22.148+06:00  INFO 22920 --- [           main] o.s.c.n.eureka.InstanceInfoFactory       : Setting initial instance status as: STARTING
2025-09-20T02:33:22.243+06:00  INFO 22920 --- [           main] com.netflix.discovery.DiscoveryClient    : Initializing Eureka in region us-east-1
2025-09-20T02:33:22.247+06:00  INFO 22920 --- [           main] c.n.d.s.r.aws.ConfigClusterResolver      : Resolving eureka endpoints via configuration
2025-09-20T02:33:22.267+06:00  INFO 22920 --- [           main] com.netflix.discovery.DiscoveryClient    : Disable delta property : false
2025-09-20T02:33:22.267+06:00  INFO 22920 --- [           main] com.netflix.discovery.DiscoveryClient    : Single vip registry refresh property : null
2025-09-20T02:33:22.267+06:00  INFO 22920 --- [           main] com.netflix.discovery.DiscoveryClient    : Force full registry fetch : false
2025-09-20T02:33:22.267+06:00  INFO 22920 --- [           main] com.netflix.discovery.DiscoveryClient    : Application is null : false
2025-09-20T02:33:22.267+06:00  INFO 22920 --- [           main] com.netflix.discovery.DiscoveryClient    : Registered Applications size is zero : true
2025-09-20T02:33:22.267+06:00  INFO 22920 --- [           main] com.netflix.discovery.DiscoveryClient    : Application version is -1: true
2025-09-20T02:33:22.267+06:00  INFO 22920 --- [           main] com.netflix.discovery.DiscoveryClient    : Getting all instance registry info from the eureka server
2025-09-20T02:33:22.496+06:00  INFO 22920 --- [           main] com.netflix.discovery.DiscoveryClient    : The response status is 200
2025-09-20T02:33:22.498+06:00  INFO 22920 --- [           main] com.netflix.discovery.DiscoveryClient    : Starting heartbeat executor: renew interval is: 10
2025-09-20T02:33:22.500+06:00  INFO 22920 --- [           main] c.n.discovery.InstanceInfoReplicator     : InstanceInfoReplicator onDemand update allowed rate per min is 4
2025-09-20T02:33:22.503+06:00  INFO 22920 --- [           main] com.netflix.discovery.DiscoveryClient    : Discovery Client initialized at timestamp 1758314002503 with initial instances count: 1
2025-09-20T02:33:22.513+06:00  INFO 22920 --- [           main] o.s.c.n.e.s.EurekaServiceRegistry        : Registering application POSTFOLIO-BACKEND with eureka with status UP
2025-09-20T02:33:22.514+06:00  INFO 22920 --- [           main] com.netflix.discovery.DiscoveryClient    : Saw local status change event StatusChangeEvent [timestamp=1758314002514, current=UP, previous=STARTING]
2025-09-20T02:33:22.515+06:00  INFO 22920 --- [nfoReplicator-0] com.netflix.discovery.DiscoveryClient    : DiscoveryClient_POSTFOLIO-BACKEND/localhost:postfolio-backend:8082: registering service...
2025-09-20T02:33:22.525+06:00  INFO 22920 --- [           main] o.s.b.w.embedded.tomcat.TomcatWebServer  : Tomcat started on port(s): 8082 (http) with context path ''
2025-09-20T02:33:22.525+06:00  INFO 22920 --- [           main] .s.c.n.e.s.EurekaAutoServiceRegistration : Updating port to 8082
2025-09-20T02:33:22.549+06:00  INFO 22920 --- [nfoReplicator-0] com.netflix.discovery.DiscoveryClient    : DiscoveryClient_POSTFOLIO-BACKEND/localhost:postfolio-backend:8082 - registration status: 204
2025-09-20T02:33:23.536+06:00  INFO 22920 --- [           main] o.s.cloud.commons.util.InetUtils         : Cannot determine local hostname
2025-09-20T02:33:24.546+06:00  INFO 22920 --- [           main] o.s.cloud.commons.util.InetUtils         : Cannot determine local hostname
2025-09-20T02:33:24.549+06:00  INFO 22920 --- [           main] o.s.a.r.c.CachingConnectionFactory       : Attempting to connect to: [localhost:5672]
2025-09-20T02:33:24.846+06:00  INFO 22920 --- [           main] o.s.a.r.c.CachingConnectionFactory       : Created new connection: rabbitConnectionFactory#459c0f38:0/SimpleConnection@6f551471 [delegate=amqp://guest@127.0.0.1:5672/, localPort=58877]
2025-09-20T02:33:25.161+06:00  INFO 22920 --- [           main] c.e.postfolio.PostfolioApplication       : Started PostfolioApplication in 19.588 seconds (process running for 20.071)
2025-09-20T02:33:25.164+06:00  INFO 22920 --- [           main] c.e.p.config.ApplicationStartupConfig    : Application startup: Initializing News account...
Hibernate: select u1_0.id,u1_0.email,u1_0.name,u1_0.password,u1_0.role from users u1_0 where u1_0.email=?
Hibernate: select p1_0.id,p1_0.address,p1_0.bio,p1_0.birth_date,p1_0.phone_number,p1_0.profile_picture,p1_0.position_or_institue,p1_0.user_id,u1_0.id,u1_0.email,u1_0.name,u1_0.password,u1_0.role from profiles p1_0 join users u1_0 on u1_0.id=p1_0.user_id where p1_0.user_id=?
2025-09-20T02:33:25.299+06:00  INFO 22920 --- [           main] c.e.p.news.service.NewsAccountService    : News account already exists with ID: 1
2025-09-20T02:33:25.317+06:00  INFO 22920 --- [           main] c.e.p.config.ApplicationStartupConfig    : News account initialization completed
2025-09-20T02:33:25.478+06:00  INFO 22920 --- [   scheduling-1] c.example.postfolio.config.CacheConfig   : Cache statistics: {totalEntries=4, cacheType=Redis}
Hibernate: select e1_0.id,e1_0.mentorship_id,e1_0.price,e1_0.profile_id,e1_0.rating,e1_0.status,e1_0.created_at,e1_0.updated_at from enrollments e1_0 where e1_0.status=? and e1_0.created_at<?
Hibernate: select e1_0.id,e1_0.mentorship_id,e1_0.price,e1_0.profile_id,e1_0.rating,e1_0.status,e1_0.created_at,e1_0.updated_at from enrollments e1_0 where e1_0.status=? and e1_0.created_at<?
2025-09-20T02:34:03.221+06:00  INFO 22920 --- [nio-8082-exec-2] o.a.c.c.C.[Tomcat].[localhost].[/]       : Initializing Spring DispatcherServlet 'dispatcherServlet'
2025-09-20T02:34:03.221+06:00  INFO 22920 --- [nio-8082-exec-2] o.s.web.servlet.DispatcherServlet        : Initializing Servlet 'dispatcherServlet'
2025-09-20T02:34:03.223+06:00  INFO 22920 --- [nio-8082-exec-2] o.s.web.servlet.DispatcherServlet        : Completed initialization in 2 ms
Hibernate: select u1_0.id,u1_0.email,u1_0.name,u1_0.password,u1_0.role from users u1_0 where u1_0.email=?
Hibernate: select u1_0.id,u1_0.email,u1_0.name,u1_0.password,u1_0.role from users u1_0 where u1_0.email=?
Hibernate: select p1_0.id,p1_0.address,p1_0.bio,p1_0.birth_date,p1_0.phone_number,p1_0.profile_picture,p1_0.position_or_institue,p1_0.user_id,u1_0.id,u1_0.email,u1_0.name,u1_0.password,u1_0.role from profiles p1_0 join users u1_0 on u1_0.id=p1_0.user_id where p1_0.user_id=?
Hibernate: select p1_0.id,p1_0.address,p1_0.bio,p1_0.birth_date,p1_0.phone_number,p1_0.profile_picture,p1_0.position_or_institue,p1_0.user_id,u1_0.id,u1_0.email,u1_0.name,u1_0.password,u1_0.role from profiles p1_0 join users u1_0 on u1_0.id=p1_0.user_id where p1_0.user_id=?
Hibernate: select n1_0.id,n1_0.action_url,n1_0.created_at,n1_0.from_user_id,n1_0.from_user_name,n1_0.is_read,n1_0.message,n1_0.related_entity_id,n1_0.title,n1_0.type,n1_0.user_id from notifications n1_0 where n1_0.user_id=? order by n1_0.created_at desc offset ? rows fetch first ? rows only
Hibernate: select count(n1_0.id) from notifications n1_0 where n1_0.user_id=? and n1_0.is_read=false
Hibernate: select u1_0.id,u1_0.email,u1_0.name,u1_0.password,u1_0.role from users u1_0 where u1_0.email=?
Hibernate: select u1_0.id,u1_0.email,u1_0.name,u1_0.password,u1_0.role from users u1_0 where u1_0.email=?
Hibernate: select p1_0.id,p1_0.address,p1_0.bio,p1_0.birth_date,p1_0.phone_number,p1_0.profile_picture,p1_0.position_or_institue,p1_0.user_id,u1_0.id,u1_0.email,u1_0.name,u1_0.password,u1_0.role from profiles p1_0 join users u1_0 on u1_0.id=p1_0.user_id where p1_0.user_id=?
Hibernate: select p1_0.id,p1_0.address,p1_0.bio,p1_0.birth_date,p1_0.phone_number,p1_0.profile_picture,p1_0.position_or_institue,p1_0.user_id,u1_0.id,u1_0.email,u1_0.name,u1_0.password,u1_0.role from profiles p1_0 join users u1_0 on u1_0.id=p1_0.user_id where p1_0.user_id=?
Hibernate: select n1_0.id,n1_0.action_url,n1_0.created_at,n1_0.from_user_id,n1_0.from_user_name,n1_0.is_read,n1_0.message,n1_0.related_entity_id,n1_0.title,n1_0.type,n1_0.user_id from notifications n1_0 where n1_0.user_id=? order by n1_0.created_at desc offset ? rows fetch first ? rows only
Hibernate: select count(n1_0.id) from notifications n1_0 where n1_0.user_id=? and n1_0.is_read=false
[INFO] ------------------------------------------------------------------------
[INFO] BUILD FAILURE
[INFO] ------------------------------------------------------------------------
[INFO] Total time:  02:47 min
[INFO] Finished at: 2025-09-20T02:35:40+06:00
[INFO] ------------------------------------------------------------------------
[ERROR] Failed to execute goal org.springframework.boot:spring-boot-maven-plugin:3.1.5:run (default-cli) on project Postfolio: Process terminated with exit code: 143 -> [Help 1]
[ERROR] 
[ERROR] To see the full stack trace of the errors, re-run Maven with the -e switch.
[ERROR] Re-run Maven using the -X switch to enable full debug logging.
[ERROR] 
[ERROR] For more information about the errors and possible solutions, please read the following articles:
[ERROR] [Help 1] http://cwiki.apache.org/confluence/display/MAVEN/MojoExecutionException
